> Task :shared:checkKotlinGradlePluginConfigurationErrors
> Task :shared:generateComposeResClass UP-TO-DATE
> Task :shared:transformCommonMainDependenciesMetadata UP-TO-DATE

> Task :shared:compileCommonMainKotlinMetadata FAILED
e: file:///C:/Users/ahabg/OneDrive/Belgeler/GitHub/FIVUCSAS/mobile-app/shared/src/commonMain/kotlin/com/fivucsas/shared/presentation/viewmodel/AdminViewModel.kt:229:48 Type mismatch: inferred type is User but String was expected
e: file:///C:/Users/ahabg/OneDrive/Belgeler/GitHub/FIVUCSAS/mobile-app/shared/src/commonMain/kotlin/com/fivucsas/shared/presentation/viewmodel/AdminViewModel.kt:229:48 No value passed for parameter 'user'
e: file:///C:/Users/ahabg/OneDrive/Belgeler/GitHub/FIVUCSAS/mobile-app/shared/src/commonMain/kotlin/com/fivucsas/shared/presentation/viewmodel/AdminViewModel.kt:303:61 Unresolved reference: deletedUser

[Incubating] Problems report is available at: file:///C:/Users/ahabg/OneDrive/Belgeler/GitHub/FIVUCSAS/mobile-app/build/reports/problems/problems-report.html

FAILURE: Build failed with an exception.

* What went wrong:
Execution failed for task ':shared:compileCommonMainKotlinMetadata'.
> A failure occurred while executing org.jetbrains.kotlin.compilerRunner.GradleCompilerRunnerWithWorkers$GradleKotlinCompilerWorkAction
   > Compilation error. See log for more details

* Try:
> Run with --stacktrace option to get the stack trace.
> Run with --info or --debug option to get more log output.
> Run with --scan to get full insights.
> Get more help at https://help.gradle.org.

Deprecated Gradle features were used in this build, making it incompatible with Gradle 9.0.

You can use '--warning-mode all' to show the individual deprecation warnings and determine if they come from your own scripts or plugins.

For more on this, please refer to https://docs.gradle.org/8.14.3/userguide/command_line_interface.html#sec:command_line_warnings in the Gradle documentation.

BUILD FAILED in 5s
4 actionable tasks: 2 executed, 2 up-to-date
